[0.018s] Invoking command in '/home/andrea/dobot_v3/build/cr5_moveit_cpp_demo': CMAKE_PREFIX_PATH=/home/andrea/dobot_v3/install/custom_messages:/home/andrea/dobot_v3/install/nova5_moveit:/home/andrea/dobot_v3/install/nova2_moveit:/home/andrea/dobot_v3/install/cr7_moveit:/home/andrea/dobot_v3/install/cr5_moveit:/home/andrea/dobot_v3/install/cr3_moveit:/home/andrea/dobot_v3/install/cr16_moveit:/home/andrea/dobot_v3/install/cr12_moveit:/home/andrea/dobot_v3/install/cr10_moveit:/home/andrea/dobot_v3/install/dobot_rviz:/home/andrea/dobot_v3/install/dobot_msgs_v3:/home/andrea/dobot_v3/install/dobot_gazebo:/home/andrea/dobot_v3/install/cr5_moveit_cpp_demo:/home/andrea/dobot_v3/install/cra_description:/home/andrea/dobot_v3/install/servo_action:/home/andrea/dobot_v3/install/dobot_bringup_v3:/home/andrea/dobot_v3/install/dobot_moveit:/home/andrea/dobot_v3/install/dobot_demo:/opt/ros/humble LD_LIBRARY_PATH=/home/andrea/dobot_v3/install/custom_messages/lib:/home/andrea/dobot_v3/install/dobot_msgs_v3/lib:/usr/lib/x86_64-linux-gnu/gazebo-11/plugins:/opt/ros/humble/opt/rviz_ogre_vendor/lib:/opt/ros/humble/lib/x86_64-linux-gnu:/opt/ros/humble/lib /usr/bin/cmake --build /home/andrea/dobot_v3/build/cr5_moveit_cpp_demo -- -j12 -l12
[0.074s] -- Found rclcpp: 16.0.15 (/opt/ros/humble/share/rclcpp/cmake)
[0.303s] -- Found rosidl_generator_c: 3.1.7 (/opt/ros/humble/share/rosidl_generator_c/cmake)
[0.306s] -- Found rosidl_adapter: 3.1.7 (/opt/ros/humble/share/rosidl_adapter/cmake)
[0.315s] -- Found rosidl_generator_cpp: 3.1.7 (/opt/ros/humble/share/rosidl_generator_cpp/cmake)
[0.330s] -- Using all available rosidl_typesupport_c: rosidl_typesupport_fastrtps_c;rosidl_typesupport_introspection_c
[0.351s] -- Using all available rosidl_typesupport_cpp: rosidl_typesupport_fastrtps_cpp;rosidl_typesupport_introspection_cpp
[0.402s] -- Found rmw_implementation_cmake: 6.1.2 (/opt/ros/humble/share/rmw_implementation_cmake/cmake)
[0.405s] -- Found rmw_fastrtps_cpp: 6.2.9 (/opt/ros/humble/share/rmw_fastrtps_cpp/cmake)
[0.555s] -- Using RMW implementation 'rmw_fastrtps_cpp' as default
[0.603s] -- Found moveit_core: 2.5.9 (/opt/ros/humble/share/moveit_core/cmake)
[0.624s] -- Found Boost: /usr/lib/x86_64-linux-gnu/cmake/Boost-1.74.0/BoostConfig.cmake (found version "1.74.0") found components: chrono date_time filesystem iostreams program_options regex serialization system thread 
[0.649s] -- Found parameter_traits: 0.5.0 (/opt/ros/humble/share/parameter_traits/cmake)
[0.661s] -- Found rclcpp_lifecycle: 16.0.15 (/opt/ros/humble/share/rclcpp_lifecycle/cmake)
[0.696s] -- Found Boost: /usr/lib/x86_64-linux-gnu/cmake/Boost-1.74.0/BoostConfig.cmake (found version "1.74.0") found components: filesystem 
[0.764s] -- library: /usr/lib/x86_64-linux-gnu/libcurl.so
[0.853s] -- Ensuring Eigen3 include directory is part of orocos-kdl CMake target
[1.182s] -- Found moveit_ros_planning_interface: 2.5.9 (/opt/ros/humble/share/moveit_ros_planning_interface/cmake)
[1.189s] -- Found Boost: /usr/lib/x86_64-linux-gnu/cmake/Boost-1.74.0/BoostConfig.cmake (found version "1.74.0") found components: date_time filesystem program_options system thread 
[1.207s] -- Found Boost: /usr/lib/x86_64-linux-gnu/cmake/Boost-1.74.0/BoostConfig.cmake (found version "1.74.0") found components: system filesystem date_time program_options thread chrono 
[1.253s] -- Found Boost: /usr/lib/x86_64-linux-gnu/cmake/Boost-1.74.0/BoostConfig.cmake (found version "1.74.0") found components: thread system filesystem regex date_time program_options 
[1.283s] -- Found Boost: /usr/lib/x86_64-linux-gnu/cmake/Boost-1.74.0/BoostConfig.cmake (found version "1.74.0") found components: system filesystem date_time program_options thread 
[1.327s] -- Found moveit_ros_robot_interaction: 2.5.9 (/opt/ros/humble/share/moveit_ros_robot_interaction/cmake)
[1.344s] -- Found custom_messages: 0.0.0 (/home/andrea/dobot_v3/install/custom_messages/share/custom_messages/cmake)
[1.441s] -- Found ament_lint_auto: 0.12.14 (/opt/ros/humble/share/ament_lint_auto/cmake)
[1.519s] -- Configuring done
[1.627s] -- Generating done
[1.669s] -- Build files have been written to: /home/andrea/dobot_v3/build/cr5_moveit_cpp_demo
[1.713s] [35m[1mConsolidate compiler generated dependencies of target reconnaissance_node[0m
[1.715s] [35m[1mConsolidate compiler generated dependencies of target fake_zed_node[0m
[1.716s] [35m[1mConsolidate compiler generated dependencies of target move_cr5_node[0m
[1.716s] [35m[1mConsolidate compiler generated dependencies of target matlab_slave_node[0m
[1.718s] [35m[1mConsolidate compiler generated dependencies of target reworked_map_node[0m
[1.727s] [35m[1mConsolidate compiler generated dependencies of target move_cr5_node_modular[0m
[1.745s] [  6%] [32m[1mLinking CXX executable fake_zed_node[0m
[1.745s] [ 12%] [32mBuilding CXX object CMakeFiles/reworked_map_node.dir/src/external/reworked_map.cpp.o[0m
[1.748s] [ 18%] [32mBuilding CXX object CMakeFiles/reconnaissance_node.dir/src/external/reconnaissance.cpp.o[0m
[1.749s] [ 25%] [32mBuilding CXX object CMakeFiles/move_cr5_node.dir/src/nodes/move_cr5_node.cpp.o[0m
[1.757s] [ 31%] [32mBuilding CXX object CMakeFiles/matlab_slave_node.dir/src/external/matlab_slave_node.cpp.o[0m
[1.789s] [ 43%] [32mBuilding CXX object CMakeFiles/move_cr5_node_modular.dir/src/nodes/move_cr5_node_modular.cpp.o[0m
[1.789s] [ 43%] [32mBuilding CXX object CMakeFiles/move_cr5_node_modular.dir/src/modules/movement_controller.cpp.o[0m
[1.794s] [ 50%] [32mBuilding CXX object CMakeFiles/move_cr5_node_modular.dir/src/modules/plant_scanner.cpp.o[0m
[1.799s] [ 56%] [32mBuilding CXX object CMakeFiles/move_cr5_node_modular.dir/src/modules/scene_manager.cpp.o[0m
[1.802s] [ 62%] [32mBuilding CXX object CMakeFiles/move_cr5_node_modular.dir/src/modules/plant_processor.cpp.o[0m
[3.284s] [ 68%] Built target fake_zed_node
[23.693s] [ 75%] [32m[1mLinking CXX executable reworked_map_node[0m
[28.305s] [ 75%] Built target reworked_map_node
[33.740s] [ 81%] [32m[1mLinking CXX executable reconnaissance_node[0m
[35.753s] [ 87%] [32m[1mLinking CXX executable move_cr5_node[0m
[35.918s] [ 93%] [32m[1mLinking CXX executable matlab_slave_node[0m
[38.828s] [ 93%] Built target reconnaissance_node
[39.594s] [ 93%] Built target matlab_slave_node
[39.869s] [100%] [32m[1mLinking CXX executable move_cr5_node_modular[0m
[40.227s] [100%] Built target move_cr5_node
[42.607s] /usr/bin/ld: CMakeFiles/move_cr5_node_modular.dir/src/nodes/move_cr5_node_modular.cpp.o: in function `main':
[42.607s] move_cr5_node_modular.cpp:(.text+0x19ee): undefined reference to `cr5_demo::SceneManager::setupFloorObstacle(moveit::planning_interface::MoveGroupInterface&, moveit::planning_interface::PlanningSceneInterface&)'
[42.722s] collect2: error: ld returned 1 exit status
[42.725s] gmake[2]: *** [CMakeFiles/move_cr5_node_modular.dir/build.make:429: move_cr5_node_modular] Error 1
[42.726s] gmake[1]: *** [CMakeFiles/Makefile2:173: CMakeFiles/move_cr5_node_modular.dir/all] Error 2
[42.727s] gmake: *** [Makefile:146: all] Error 2
[42.732s] Invoked command in '/home/andrea/dobot_v3/build/cr5_moveit_cpp_demo' returned '2': CMAKE_PREFIX_PATH=/home/andrea/dobot_v3/install/custom_messages:/home/andrea/dobot_v3/install/nova5_moveit:/home/andrea/dobot_v3/install/nova2_moveit:/home/andrea/dobot_v3/install/cr7_moveit:/home/andrea/dobot_v3/install/cr5_moveit:/home/andrea/dobot_v3/install/cr3_moveit:/home/andrea/dobot_v3/install/cr16_moveit:/home/andrea/dobot_v3/install/cr12_moveit:/home/andrea/dobot_v3/install/cr10_moveit:/home/andrea/dobot_v3/install/dobot_rviz:/home/andrea/dobot_v3/install/dobot_msgs_v3:/home/andrea/dobot_v3/install/dobot_gazebo:/home/andrea/dobot_v3/install/cr5_moveit_cpp_demo:/home/andrea/dobot_v3/install/cra_description:/home/andrea/dobot_v3/install/servo_action:/home/andrea/dobot_v3/install/dobot_bringup_v3:/home/andrea/dobot_v3/install/dobot_moveit:/home/andrea/dobot_v3/install/dobot_demo:/opt/ros/humble LD_LIBRARY_PATH=/home/andrea/dobot_v3/install/custom_messages/lib:/home/andrea/dobot_v3/install/dobot_msgs_v3/lib:/usr/lib/x86_64-linux-gnu/gazebo-11/plugins:/opt/ros/humble/opt/rviz_ogre_vendor/lib:/opt/ros/humble/lib/x86_64-linux-gnu:/opt/ros/humble/lib /usr/bin/cmake --build /home/andrea/dobot_v3/build/cr5_moveit_cpp_demo -- -j12 -l12
