[35m[1mConsolidate compiler generated dependencies of target reworked_map_node[0m
[35m[1mConsolidate compiler generated dependencies of target matlab_slave_node[0m
[35m[1mConsolidate compiler generated dependencies of target move_cr5_node[0m
[35m[1mConsolidate compiler generated dependencies of target reconnaissance_node[0m
[35m[1mConsolidate compiler generated dependencies of target move_cr5_node_modular[0m
[ 12%] Built target fake_zed_node
[ 25%] Built target reworked_map_node
[ 37%] Built target matlab_slave_node
[ 50%] Built target move_cr5_node
[ 62%] Built target reconnaissance_node
[ 75%] [32mBuilding CXX object CMakeFiles/move_cr5_node_modular.dir/src/nodes/move_cr5_node_modular.cpp.o[0m
[ 75%] [32mBuilding CXX object CMakeFiles/move_cr5_node_modular.dir/src/modules/plant_processor.cpp.o[0m
[ 81%] [32mBuilding CXX object CMakeFiles/move_cr5_node_modular.dir/src/modules/scene_manager.cpp.o[0m
[01m[K/home/andrea/dobot_v3/src/cr5_moveit_cpp_demo/src/nodes/move_cr5_node_modular.cpp:[m[K In function ‘[01m[Kint main(int, char**)[m[K’:
[01m[K/home/andrea/dobot_v3/src/cr5_moveit_cpp_demo/src/nodes/move_cr5_node_modular.cpp:50:20:[m[K [01;31m[Kerror: [m[K‘[01m[Kusing element_type = class cr5_demo::SceneManager[m[K’ {aka ‘[01m[Kclass cr5_demo::SceneManager[m[K’} has no member named ‘[01m[KsetupFloorObstacle[m[K’
   50 |     scene_manager->[01;31m[KsetupFloorObstacle[m[K(move_group, planning_scene_interface);
      |                    [01;31m[K^~~~~~~~~~~~~~~~~~[m[K
gmake[2]: *** [CMakeFiles/move_cr5_node_modular.dir/build.make:76: CMakeFiles/move_cr5_node_modular.dir/src/nodes/move_cr5_node_modular.cpp.o] Error 1
gmake[1]: *** [CMakeFiles/Makefile2:173: CMakeFiles/move_cr5_node_modular.dir/all] Error 2
gmake: *** [Makefile:146: all] Error 2
